::ffff:127.0.0.1 - - [31/Oct/2022:15:10:18 +0000] "GET / HTTP/1.1" 200 12 "-" "Mozilla/5.0 (Windows NT 10.0; Win64; x64; rv:105.0) Gecko/20100101 Firefox/105.0"
::ffff:127.0.0.1 - - [31/Oct/2022:15:10:19 +0000] "GET /favicon.ico HTTP/1.1" 404 150 "http://localhost:3100/" "Mozilla/5.0 (Windows NT 10.0; Win64; x64; rv:105.0) Gecko/20100101 Firefox/105.0"
::ffff:127.0.0.1 - - [31/Oct/2022:15:25:37 +0000] "GET /api/getLogs/1 HTTP/1.1" 200 85 "-" "Mozilla/5.0 (Windows NT 10.0; Win64; x64; rv:105.0) Gecko/20100101 Firefox/105.0"
::ffff:127.0.0.1 - - [31/Oct/2022:15:27:44 +0000] "GET /api/logTemp/1/25 HTTP/1.1" 404 155 "-" "Mozilla/5.0 (Windows NT 10.0; Win64; x64; rv:105.0) Gecko/20100101 Firefox/105.0"
::1 - - [31/Oct/2022:15:45:56 +0000] "GET /api/getLogs/1 HTTP/1.1" 200 85 "-" "PostmanRuntime/7.29.2"
::1 - - [31/Oct/2022:15:46:20 +0000] "GET /api/logTemp/30 HTTP/1.1" 404 153 "-" "PostmanRuntime/7.29.2"
::1 - - [31/Oct/2022:15:46:41 +0000] "GET /api/logTemp/1/30 HTTP/1.1" 404 155 "-" "PostmanRuntime/7.29.2"
::1 - - [31/Oct/2022:15:46:53 +0000] "GET /api/logTemp/1/25 HTTP/1.1" 404 155 "-" "PostmanRuntime/7.29.2"
::1 - - [31/Oct/2022:15:48:08 +0000] "POST /api/logTemp/1/30 HTTP/1.1" 200 69 "-" "PostmanRuntime/7.29.2"
::ffff:127.0.0.1 - - [31/Oct/2022:15:48:22 +0000] "GET /api/getLogs/1 HTTP/1.1" 200 160 "-" "Mozilla/5.0 (Windows NT 10.0; Win64; x64; rv:105.0) Gecko/20100101 Firefox/105.0"
::1 - - [02/Nov/2022:15:52:14 +0000] "POST /api/logTemp/1/30 HTTP/1.1" 200 69 "-" "PostmanRuntime/7.29.2"
::ffff:127.0.0.1 - - [02/Nov/2022:15:52:25 +0000] "GET / HTTP/1.1" 200 12 "-" "Mozilla/5.0 (Windows NT 10.0; Win64; x64; rv:105.0) Gecko/20100101 Firefox/105.0"
::ffff:127.0.0.1 - - [02/Nov/2022:15:52:25 +0000] "GET /favicon.ico HTTP/1.1" 404 150 "http://localhost:3100/" "Mozilla/5.0 (Windows NT 10.0; Win64; x64; rv:105.0) Gecko/20100101 Firefox/105.0"
::1 - - [02/Nov/2022:15:52:46 +0000] "GET /api/getLogs/1 HTTP/1.1" 200 160 "-" "PostmanRuntime/7.29.2"
::1 - - [02/Nov/2022:15:53:00 +0000] "POST /api/logTemp/1/31 HTTP/1.1" 200 69 "-" "PostmanRuntime/7.29.2"
::1 - - [02/Nov/2022:15:53:09 +0000] "GET /api/getLogs/1 HTTP/1.1" 200 235 "-" "PostmanRuntime/7.29.2"
::1 - - [02/Nov/2022:15:55:59 +0000] "POST /api/logTemp/1/30 HTTP/1.1" 200 69 "-" "PostmanRuntime/7.29.2"
::1 - - [02/Nov/2022:15:56:05 +0000] "GET /api/getLogs/1 HTTP/1.1" 200 310 "-" "PostmanRuntime/7.29.2"
::ffff:127.0.0.1 - - [02/Nov/2022:16:03:18 +0000] "GET / HTTP/1.1" 200 12 "-" "Mozilla/5.0 (Windows NT 10.0; Win64; x64; rv:105.0) Gecko/20100101 Firefox/105.0"
::1 - - [02/Nov/2022:16:03:40 +0000] "GET /api/getLogs/1 HTTP/1.1" 200 310 "-" "PostmanRuntime/7.29.2"
::ffff:10.22.246.185 - - [02/Nov/2022:16:31:12 +0000] "POST /api/logTemp/1/24.10 HTTP/1.1" 200 69 "-" "ESP8266HTTPClient"
::ffff:10.22.246.185 - - [02/Nov/2022:16:31:22 +0000] "POST /api/logTemp/1/24.10 HTTP/1.1" 200 69 "-" "ESP8266HTTPClient"
::ffff:10.22.246.185 - - [02/Nov/2022:16:31:32 +0000] "POST /api/logTemp/1/24.10 HTTP/1.1" 200 69 "-" "ESP8266HTTPClient"
::ffff:10.22.246.185 - - [02/Nov/2022:16:31:42 +0000] "POST /api/logTemp/1/24.10 HTTP/1.1" 200 69 "-" "ESP8266HTTPClient"
::ffff:10.22.246.185 - - [02/Nov/2022:16:31:53 +0000] "POST /api/logTemp/1/24.10 HTTP/1.1" 200 69 "-" "ESP8266HTTPClient"
::ffff:10.22.246.185 - - [02/Nov/2022:16:32:03 +0000] "POST /api/logTemp/1/24.50 HTTP/1.1" 200 69 "-" "ESP8266HTTPClient"
::ffff:10.22.246.185 - - [02/Nov/2022:16:32:13 +0000] "POST /api/logTemp/1/25.80 HTTP/1.1" 200 69 "-" "ESP8266HTTPClient"
::ffff:10.22.246.185 - - [02/Nov/2022:16:32:23 +0000] "POST /api/logTemp/1/27.60 HTTP/1.1" 200 69 "-" "ESP8266HTTPClient"
::ffff:10.22.246.185 - - [02/Nov/2022:16:32:33 +0000] "POST /api/logTemp/1/28.90 HTTP/1.1" 200 69 "-" "ESP8266HTTPClient"
::ffff:10.22.246.185 - - [02/Nov/2022:16:32:43 +0000] "POST /api/logTemp/1/30.20 HTTP/1.1" 200 69 "-" "ESP8266HTTPClient"
::1 - - [02/Nov/2022:16:32:52 +0000] "GET /api/getLogs/1 HTTP/1.1" 200 1085 "-" "PostmanRuntime/7.29.2"
::1 - - [03/Nov/2022:20:37:52 +0000] "POST /api/logTemp/1/30 HTTP/1.1" 200 69 "-" "PostmanRuntime/7.29.2"
::1 - - [03/Nov/2022:20:38:00 +0000] "GET /api/getLogs/1 HTTP/1.1" 200 160 "-" "PostmanRuntime/7.29.2"
::ffff:127.0.0.1 - - [04/Nov/2022:18:26:00 +0000] "GET /api/logTemp/1/100 HTTP/1.1" 404 156 "-" "Mozilla/5.0 (Windows NT 10.0; Win64; x64; rv:105.0) Gecko/20100101 Firefox/105.0"
::ffff:127.0.0.1 - - [04/Nov/2022:18:27:12 +0000] "GET /api/getLogs/1/ HTTP/1.1" 200 84 "-" "Mozilla/5.0 (Windows NT 10.0; Win64; x64; rv:105.0) Gecko/20100101 Firefox/105.0"
::ffff:127.0.0.1 - - [04/Nov/2022:18:27:25 +0000] "GET /api/logTemp/1/100 HTTP/1.1" 404 156 "-" "Mozilla/5.0 (Windows NT 10.0; Win64; x64; rv:105.0) Gecko/20100101 Firefox/105.0"
::1 - - [04/Nov/2022:18:27:41 +0000] "POST /api/logTemp/1/100 HTTP/1.1" 200 69 "-" "PostmanRuntime/7.29.2"
::1 - - [04/Nov/2022:18:27:51 +0000] "GET /api/getLogs/1 HTTP/1.1" 200 160 "-" "PostmanRuntime/7.29.2"
::1 - - [04/Nov/2022:18:29:04 +0000] "POST /api/logAce/2/500 HTTP/1.1" 404 156 "-" "PostmanRuntime/7.29.2"
::1 - - [04/Nov/2022:18:30:00 +0000] "GET /api/getLogs/2 HTTP/1.1" 200 11 "-" "PostmanRuntime/7.29.2"
::1 - - [04/Nov/2022:18:30:05 +0000] "POST /api/logAce/2/500 HTTP/1.1" 404 156 "-" "PostmanRuntime/7.29.2"
::1 - - [04/Nov/2022:18:30:35 +0000] "POST /api/logAce/2/500 HTTP/1.1" 404 156 "-" "PostmanRuntime/7.29.2"
::1 - - [04/Nov/2022:18:32:30 +0000] "GET /api/getLogs/1 HTTP/1.1" 200 11 "-" "PostmanRuntime/7.29.2"
::1 - - [04/Nov/2022:18:32:36 +0000] "POST /api/logTemp/1/100 HTTP/1.1" 500 43 "-" "PostmanRuntime/7.29.2"
::1 - - [04/Nov/2022:18:34:22 +0000] "GET /api/getLogs/1 HTTP/1.1" 200 11 "-" "PostmanRuntime/7.29.2"
::1 - - [04/Nov/2022:18:34:24 +0000] "POST /api/logTemp/1/100 HTTP/1.1" 500 43 "-" "PostmanRuntime/7.29.2"
::1 - - [04/Nov/2022:18:36:22 +0000] "GET /api/getLogs/1 HTTP/1.1" 200 84 "-" "PostmanRuntime/7.29.2"
::1 - - [04/Nov/2022:18:36:27 +0000] "POST /api/logTemp/1/100 HTTP/1.1" 200 69 "-" "PostmanRuntime/7.29.2"
::1 - - [04/Nov/2022:18:36:30 +0000] "GET /api/getLogs/1 HTTP/1.1" 200 160 "-" "PostmanRuntime/7.29.2"
::1 - - [04/Nov/2022:18:36:37 +0000] "GET /api/getLogs/2 HTTP/1.1" 200 11 "-" "PostmanRuntime/7.29.2"
::1 - - [04/Nov/2022:18:36:40 +0000] "POST /api/logAce/2/500 HTTP/1.1" 404 156 "-" "PostmanRuntime/7.29.2"
::1 - - [04/Nov/2022:18:47:46 +0000] "GET /api/getLogs/1 HTTP/1.1" 200 84 "-" "PostmanRuntime/7.29.2"
::1 - - [04/Nov/2022:18:47:49 +0000] "POST /api/logTemp/1/100 HTTP/1.1" 200 69 "-" "PostmanRuntime/7.29.2"
::1 - - [04/Nov/2022:18:50:14 +0000] "POST /api/logTemp/1/100 HTTP/1.1" 200 74 "-" "PostmanRuntime/7.29.2"
::1 - - [04/Nov/2022:18:50:19 +0000] "GET /api/getLogs/1 HTTP/1.1" 200 236 "-" "PostmanRuntime/7.29.2"
::1 - - [04/Nov/2022:18:50:37 +0000] "POST /api/logAce/2/500 HTTP/1.1" 404 156 "-" "PostmanRuntime/7.29.2"
::1 - - [04/Nov/2022:18:52:06 +0000] "GET /api/getLogs/2 HTTP/1.1" 200 11 "-" "PostmanRuntime/7.29.2"
::1 - - [04/Nov/2022:18:56:24 +0000] "GET /api/getLogs/2 HTTP/1.1" 200 11 "-" "PostmanRuntime/7.29.2"
::1 - - [04/Nov/2022:18:56:27 +0000] "POST /api/logAce/2/500 HTTP/1.1" 200 32 "-" "PostmanRuntime/7.29.2"
::1 - - [04/Nov/2022:18:58:00 +0000] "POST /api/logAce/1/500 HTTP/1.1" 200 32 "-" "PostmanRuntime/7.29.2"
::1 - - [04/Nov/2022:18:58:03 +0000] "POST /api/logAce/2/500 HTTP/1.1" 200 32 "-" "PostmanRuntime/7.29.2"
::1 - - [04/Nov/2022:18:58:19 +0000] "POST /api/logAce/2/420 HTTP/1.1" 200 32 "-" "PostmanRuntime/7.29.2"
::1 - - [04/Nov/2022:18:59:28 +0000] "GET /api/getLogs/2 HTTP/1.1" 200 11 "-" "PostmanRuntime/7.29.2"
::1 - - [04/Nov/2022:18:59:30 +0000] "POST /api/logAce/2/500 HTTP/1.1" 200 74 "-" "PostmanRuntime/7.29.2"
::1 - - [04/Nov/2022:18:59:36 +0000] "GET /api/getLogs/2 HTTP/1.1" 200 11 "-" "PostmanRuntime/7.29.2"
::1 - - [05/Nov/2022:16:22:52 +0000] "GET /api/getLogsTemp/1 HTTP/1.1" 404 156 "-" "PostmanRuntime/7.29.2"
::1 - - [05/Nov/2022:16:22:58 +0000] "POST /api/logTemp/1/100 HTTP/1.1" 404 157 "-" "PostmanRuntime/7.29.2"
::1 - - [05/Nov/2022:16:23:10 +0000] "POST /api/logTemp/1/100 HTTP/1.1" 404 157 "-" "PostmanRuntime/7.29.2"
::1 - - [05/Nov/2022:16:24:03 +0000] "GET /api/getLogsAce/2 HTTP/1.1" 404 155 "-" "PostmanRuntime/7.29.2"
::ffff:127.0.0.1 - - [05/Nov/2022:16:34:48 +0000] "GET /api/logTemp/1/100 HTTP/1.1" 404 156 "-" "Mozilla/5.0 (Windows NT 10.0; Win64; x64; rv:105.0) Gecko/20100101 Firefox/105.0"
::1 - - [05/Nov/2022:16:40:14 +0000] "GET /api/getLogs/1 HTTP/1.1" 404 152 "-" "PostmanRuntime/7.29.2"
::1 - - [05/Nov/2022:16:40:19 +0000] "POST /api/logTemp/1/100 HTTP/1.1" 200 32 "-" "PostmanRuntime/7.29.2"
::ffff:127.0.0.1 - - [05/Nov/2022:16:52:12 +0000] "GET /api/logHumid/1/1 HTTP/1.1" 404 155 "-" "Mozilla/5.0 (Windows NT 10.0; Win64; x64; rv:105.0) Gecko/20100101 Firefox/105.0"
::ffff:127.0.0.1 - - [05/Nov/2022:16:52:20 +0000] "GET /api/getLogs/1 HTTP/1.1" 404 152 "-" "Mozilla/5.0 (Windows NT 10.0; Win64; x64; rv:105.0) Gecko/20100101 Firefox/105.0"
::ffff:127.0.0.1 - - [05/Nov/2022:16:53:01 +0000] "GET /api/getLogs/1 HTTP/1.1" 404 152 "-" "Mozilla/5.0 (Windows NT 10.0; Win64; x64; rv:105.0) Gecko/20100101 Firefox/105.0"
::ffff:127.0.0.1 - - [05/Nov/2022:16:53:23 +0000] "GET / HTTP/1.1" 200 12 "-" "Mozilla/5.0 (Windows NT 10.0; Win64; x64; rv:105.0) Gecko/20100101 Firefox/105.0"
::ffff:127.0.0.1 - - [05/Nov/2022:16:53:24 +0000] "GET /favicon.ico HTTP/1.1" 404 150 "http://localhost:3100/" "Mozilla/5.0 (Windows NT 10.0; Win64; x64; rv:105.0) Gecko/20100101 Firefox/105.0"
::1 - - [05/Nov/2022:16:54:16 +0000] "POST /api/logHumid/1/100 HTTP/1.1" 404 158 "-" "PostmanRuntime/7.29.2"
::1 - - [05/Nov/2022:16:55:09 +0000] "POST /api/logHumid/1/100 HTTP/1.1" 404 158 "-" "PostmanRuntime/7.29.2"
::1 - - [05/Nov/2022:16:55:42 +0000] "POST /api/logHumid/1/100 HTTP/1.1" 200 74 "-" "PostmanRuntime/7.29.2"
::1 - - [05/Nov/2022:16:55:46 +0000] "GET /api/getLogs/1 HTTP/1.1" 200 162 "-" "PostmanRuntime/7.29.2"
::ffff:127.0.0.1 - - [05/Nov/2022:17:09:55 +0000] "GET /api/getLogsHumid/1 HTTP/1.1" 200 85 "-" "Mozilla/5.0 (Windows NT 10.0; Win64; x64; rv:105.0) Gecko/20100101 Firefox/105.0"
::ffff:127.0.0.1 - - [05/Nov/2022:17:10:00 +0000] "GET /api/getLogsAce/1 HTTP/1.1" 200 11 "-" "Mozilla/5.0 (Windows NT 10.0; Win64; x64; rv:105.0) Gecko/20100101 Firefox/105.0"
::ffff:127.0.0.1 - - [05/Nov/2022:17:10:16 +0000] "GET /api/getLogsAce/2 HTTP/1.1" 200 83 "-" "Mozilla/5.0 (Windows NT 10.0; Win64; x64; rv:105.0) Gecko/20100101 Firefox/105.0"
::1 - - [05/Nov/2022:17:13:51 +0000] "POST /api/logHumid/1/100 HTTP/1.1" 200 74 "-" "PostmanRuntime/7.29.2"
::1 - - [05/Nov/2022:17:13:55 +0000] "GET /api/getLogs/1 HTTP/1.1" 200 162 "-" "PostmanRuntime/7.29.2"
::ffff:127.0.0.1 - - [05/Nov/2022:17:29:52 +0000] "GET / HTTP/1.1" 304 - "-" "Mozilla/5.0 (Windows NT 10.0; Win64; x64; rv:105.0) Gecko/20100101 Firefox/105.0"
::ffff:127.0.0.1 - - [05/Nov/2022:17:30:04 +0000] "GET /api/getLogs HTTP/1.1" 404 150 "-" "Mozilla/5.0 (Windows NT 10.0; Win64; x64; rv:105.0) Gecko/20100101 Firefox/105.0"
::ffff:127.0.0.1 - - [05/Nov/2022:17:30:49 +0000] "GET /api/getLogs/1 HTTP/1.1" 200 162 "-" "Mozilla/5.0 (Windows NT 10.0; Win64; x64; rv:105.0) Gecko/20100101 Firefox/105.0"
::1 - - [05/Nov/2022:18:16:49 +0000] "GET /api/getLogs/1 HTTP/1.1" 200 85 "-" "PostmanRuntime/7.29.2"
::ffff:10.22.246.185 - - [05/Nov/2022:18:49:21 +0000] "POST /api/logHumid/1/25.00 HTTP/1.1" 200 76 "-" "ESP8266HTTPClient"
::ffff:10.22.246.185 - - [05/Nov/2022:18:49:31 +0000] "POST /api/logHumid/1/23.00 HTTP/1.1" 200 76 "-" "ESP8266HTTPClient"
::1 - - [05/Nov/2022:18:49:41 +0000] "GET /api/getLogs/1 HTTP/1.1" 200 237 "-" "PostmanRuntime/7.29.2"
::ffff:10.22.246.185 - - [05/Nov/2022:18:49:41 +0000] "POST /api/logHumid/1/23.00 HTTP/1.1" 200 76 "-" "ESP8266HTTPClient"
::ffff:10.22.246.185 - - [05/Nov/2022:18:49:52 +0000] "POST /api/logHumid/1/23.00 HTTP/1.1" 200 76 "-" "ESP8266HTTPClient"
::1 - - [05/Nov/2022:18:49:52 +0000] "GET /api/getLogs/1 HTTP/1.1" 200 389 "-" "PostmanRuntime/7.29.2"
::1 - - [05/Nov/2022:18:50:01 +0000] "GET /api/getLogs/1 HTTP/1.1" 200 389 "-" "PostmanRuntime/7.29.2"
::ffff:10.22.246.185 - - [05/Nov/2022:18:50:02 +0000] "POST /api/logHumid/1/23.00 HTTP/1.1" 200 76 "-" "ESP8266HTTPClient"
::1 - - [05/Nov/2022:18:50:04 +0000] "GET /api/getLogs/1 HTTP/1.1" 200 465 "-" "PostmanRuntime/7.29.2"
::ffff:10.22.246.185 - - [05/Nov/2022:18:50:12 +0000] "POST /api/logHumid/1/23.00 HTTP/1.1" 200 76 "-" "ESP8266HTTPClient"
::ffff:127.0.0.1 - - [05/Nov/2022:18:58:08 +0000] "GET /api/logHumid/1/100 HTTP/1.1" 404 157 "-" "Mozilla/5.0 (Windows NT 10.0; Win64; x64; rv:105.0) Gecko/20100101 Firefox/105.0"
::ffff:127.0.0.1 - - [05/Nov/2022:18:58:23 +0000] "GET /api/logHumid/1/100 HTTP/1.1" 404 157 "-" "Mozilla/5.0 (Windows NT 10.0; Win64; x64; rv:105.0) Gecko/20100101 Firefox/105.0"
::ffff:127.0.0.1 - - [05/Nov/2022:21:41:34 +0000] "GET /logHumid/1/100 HTTP/1.1" 404 153 "-" "Mozilla/5.0 (Windows NT 10.0; Win64; x64; rv:105.0) Gecko/20100101 Firefox/105.0"
::ffff:127.0.0.1 - - [05/Nov/2022:21:41:56 +0000] "GET /api/logHumid/1/100 HTTP/1.1" 404 157 "-" "Mozilla/5.0 (Windows NT 10.0; Win64; x64; rv:105.0) Gecko/20100101 Firefox/105.0"
::ffff:127.0.0.1 - - [05/Nov/2022:21:42:05 +0000] "GET /api/logHumid/1/100 HTTP/1.1" 404 157 "-" "Mozilla/5.0 (Windows NT 10.0; Win64; x64; rv:105.0) Gecko/20100101 Firefox/105.0"
::ffff:127.0.0.1 - - [05/Nov/2022:21:44:36 +0000] "GET /api/logHumid/1/100 HTTP/1.1" 404 157 "-" "Mozilla/5.0 (Windows NT 10.0; Win64; x64; rv:105.0) Gecko/20100101 Firefox/105.0"
::ffff:127.0.0.1 - - [05/Nov/2022:21:44:40 +0000] "GET /api/logHumid/1/100 HTTP/1.1" 404 157 "-" "Mozilla/5.0 (Windows NT 10.0; Win64; x64; rv:105.0) Gecko/20100101 Firefox/105.0"
::ffff:127.0.0.1 - - [05/Nov/2022:21:46:09 +0000] "GET /api/getLogsHumid/1 HTTP/1.1" 200 85 "-" "Mozilla/5.0 (Windows NT 10.0; Win64; x64; rv:105.0) Gecko/20100101 Firefox/105.0"
::ffff:127.0.0.1 - - [05/Nov/2022:21:46:17 +0000] "GET /api/logHumid/1/100 HTTP/1.1" 404 157 "-" "Mozilla/5.0 (Windows NT 10.0; Win64; x64; rv:105.0) Gecko/20100101 Firefox/105.0"
::ffff:127.0.0.1 - - [05/Nov/2022:21:46:19 +0000] "GET /api/getLogsHumid/1 HTTP/1.1" - - "-" "Mozilla/5.0 (Windows NT 10.0; Win64; x64; rv:105.0) Gecko/20100101 Firefox/105.0"
::ffff:127.0.0.1 - - [05/Nov/2022:21:46:31 +0000] "GET /api/getLogsAce/2 HTTP/1.1" 200 83 "-" "Mozilla/5.0 (Windows NT 10.0; Win64; x64; rv:105.0) Gecko/20100101 Firefox/105.0"
::1 - - [05/Nov/2022:21:47:38 +0000] "GET /api/getLogs/1 HTTP/1.1" 404 152 "-" "PostmanRuntime/7.29.2"
::1 - - [05/Nov/2022:21:50:47 +0000] "POST /api/logHumid/1/100 HTTP/1.1" 200 74 "-" "PostmanRuntime/7.29.2"
::1 - - [05/Nov/2022:21:53:21 +0000] "POST /api/logHumid/1/101 HTTP/1.1" 200 74 "-" "PostmanRuntime/7.29.2"
::1 - - [05/Nov/2022:21:53:24 +0000] "GET /api/getLogsHumid/1 HTTP/1.1" 200 239 "-" "PostmanRuntime/7.29.2"
::1 - - [05/Nov/2022:21:53:32 +0000] "POST /api/logAce/2/500 HTTP/1.1" 200 74 "-" "PostmanRuntime/7.29.2"
::1 - - [05/Nov/2022:21:53:35 +0000] "GET /api/getLogsAce/2 HTTP/1.1" 200 158 "-" "PostmanRuntime/7.29.2"
::ffff:127.0.0.1 - - [05/Nov/2022:22:16:36 +0000] "GET /api/logAce/2/500 HTTP/1.1" 404 155 "-" "Mozilla/5.0 (Windows NT 10.0; Win64; x64; rv:105.0) Gecko/20100101 Firefox/105.0"
::ffff:127.0.0.1 - - [05/Nov/2022:22:30:04 +0000] "GET /api/getLogs/1 HTTP/1.1" 200 85 "-" "Mozilla/5.0 (Windows NT 10.0; Win64; x64; rv:105.0) Gecko/20100101 Firefox/105.0"
::ffff:10.22.244.87 - - [09/Nov/2022:15:47:36 +0000] "POST /api/logHumid/1/493.00 HTTP/1.1" 200 77 "-" "ESP8266HTTPClient"
::ffff:10.22.244.87 - - [09/Nov/2022:15:47:46 +0000] "POST /api/logHumid/1/493.00 HTTP/1.1" 200 77 "-" "ESP8266HTTPClient"
::ffff:10.22.244.87 - - [09/Nov/2022:15:47:56 +0000] "POST /api/logHumid/1/498.00 HTTP/1.1" 200 77 "-" "ESP8266HTTPClient"
::ffff:10.22.244.87 - - [09/Nov/2022:15:48:28 +0000] "POST /api/logHumid/2/492.00 HTTP/1.1" 200 77 "-" "ESP8266HTTPClient"
::1 - - [09/Nov/2022:15:48:38 +0000] "GET /api/getLogsAce/2 HTTP/1.1" 200 83 "-" "PostmanRuntime/7.29.2"
::ffff:10.22.244.87 - - [09/Nov/2022:15:48:38 +0000] "POST /api/logHumid/2/414.00 HTTP/1.1" 200 77 "-" "ESP8266HTTPClient"
::1 - - [09/Nov/2022:15:48:46 +0000] "GET /api/getLogsAce/2 HTTP/1.1" 200 83 "-" "PostmanRuntime/7.29.2"
::1 - - [09/Nov/2022:15:48:48 +0000] "GET /api/getLogsAce/2 HTTP/1.1" 200 83 "-" "PostmanRuntime/7.29.2"
::ffff:10.22.244.87 - - [09/Nov/2022:15:48:49 +0000] "POST /api/logHumid/2/579.00 HTTP/1.1" 200 77 "-" "ESP8266HTTPClient"
::1 - - [09/Nov/2022:15:48:50 +0000] "GET /api/getLogsAce/2 HTTP/1.1" 200 83 "-" "PostmanRuntime/7.29.2"
::ffff:10.22.244.87 - - [09/Nov/2022:15:48:59 +0000] "POST /api/logHumid/2/400.00 HTTP/1.1" 200 77 "-" "ESP8266HTTPClient"
::ffff:10.22.244.87 - - [09/Nov/2022:15:49:09 +0000] "POST /api/logHumid/2/581.00 HTTP/1.1" 200 77 "-" "ESP8266HTTPClient"
::ffff:10.22.244.87 - - [09/Nov/2022:15:49:19 +0000] "POST /api/logHumid/2/595.00 HTTP/1.1" 200 77 "-" "ESP8266HTTPClient"
::ffff:10.22.244.87 - - [09/Nov/2022:15:49:29 +0000] "POST /api/logHumid/2/497.00 HTTP/1.1" 200 77 "-" "ESP8266HTTPClient"
::ffff:10.22.244.87 - - [09/Nov/2022:15:49:39 +0000] "POST /api/logHumid/2/494.00 HTTP/1.1" 200 77 "-" "ESP8266HTTPClient"
::ffff:10.22.244.87 - - [09/Nov/2022:15:50:28 +0000] "POST /api/logHumid/2/490.00 HTTP/1.1" 200 77 "-" "ESP8266HTTPClient"
::1 - - [09/Nov/2022:15:50:37 +0000] "GET /api/getLogsAce/2 HTTP/1.1" 200 83 "-" "PostmanRuntime/7.29.2"
::ffff:10.22.244.87 - - [09/Nov/2022:15:50:38 +0000] "POST /api/logHumid/2/396.00 HTTP/1.1" 200 77 "-" "ESP8266HTTPClient"
::ffff:10.22.244.87 - - [09/Nov/2022:15:51:13 +0000] "POST /api/logAce/2/472.00 HTTP/1.1" 200 77 "-" "ESP8266HTTPClient"
::ffff:10.22.244.87 - - [09/Nov/2022:15:51:24 +0000] "POST /api/logAce/2/401.00 HTTP/1.1" 200 77 "-" "ESP8266HTTPClient"
::1 - - [09/Nov/2022:15:51:28 +0000] "GET /api/getLogsAce/2 HTTP/1.1" 200 233 "-" "PostmanRuntime/7.29.2"
::ffff:10.22.244.87 - - [09/Nov/2022:15:51:34 +0000] "POST /api/logAce/2/399.00 HTTP/1.1" 200 77 "-" "ESP8266HTTPClient"
::1 - - [09/Nov/2022:16:11:45 +0000] "GET /api/getLogsAce/2 HTTP/1.1" 200 83 "-" "PostmanRuntime/7.29.2"
::1 - - [09/Nov/2022:16:11:49 +0000] "POST /api/logAce/2/500 HTTP/1.1" 200 74 "-" "PostmanRuntime/7.29.2"
::1 - - [09/Nov/2022:16:11:52 +0000] "GET /api/getLogsAce/2 HTTP/1.1" 200 158 "-" "PostmanRuntime/7.29.2"
::1 - - [09/Nov/2022:16:32:25 +0000] "GET /api/getLogGas/3 HTTP/1.1" 404 154 "-" "PostmanRuntime/7.29.2"
::1 - - [09/Nov/2022:16:38:44 +0000] "POST /api/logFire/5/101 HTTP/1.1" 404 157 "-" "PostmanRuntime/7.29.2"
::1 - - [09/Nov/2022:16:42:17 +0000] "POST /api/logFire/5/101 HTTP/1.1" 200 69 "-" "PostmanRuntime/7.29.2"
::1 - - [09/Nov/2022:16:42:21 +0000] "GET /api/getLogsFire/5 HTTP/1.1" 200 160 "-" "PostmanRuntime/7.29.2"
::ffff:10.22.244.87 - - [09/Nov/2022:16:43:52 +0000] "POST /api/logAce/2/492.00 HTTP/1.1" 200 77 "-" "ESP8266HTTPClient"
::ffff:10.22.244.87 - - [09/Nov/2022:16:44:02 +0000] "POST /api/logAce/2/498.00 HTTP/1.1" 200 77 "-" "ESP8266HTTPClient"
::ffff:10.22.244.87 - - [09/Nov/2022:16:44:12 +0000] "POST /api/logAce/2/497.00 HTTP/1.1" 200 77 "-" "ESP8266HTTPClient"
::ffff:10.22.244.87 - - [09/Nov/2022:16:44:22 +0000] "POST /api/logAce/2/497.00 HTTP/1.1" 200 77 "-" "ESP8266HTTPClient"
::ffff:10.22.244.87 - - [09/Nov/2022:16:44:32 +0000] "POST /api/logAce/2/497.00 HTTP/1.1" 200 77 "-" "ESP8266HTTPClient"
::ffff:10.22.244.87 - - [09/Nov/2022:16:44:42 +0000] "POST /api/logAce/2/498.00 HTTP/1.1" 200 77 "-" "ESP8266HTTPClient"
::ffff:10.22.244.87 - - [09/Nov/2022:16:44:53 +0000] "POST /api/logAce/2/499.00 HTTP/1.1" 200 77 "-" "ESP8266HTTPClient"
::ffff:10.22.244.87 - - [09/Nov/2022:16:45:03 +0000] "POST /api/logAce/2/405.00 HTTP/1.1" 200 77 "-" "ESP8266HTTPClient"
::ffff:10.22.244.87 - - [09/Nov/2022:16:45:13 +0000] "POST /api/logAce/2/401.00 HTTP/1.1" 200 77 "-" "ESP8266HTTPClient"
::ffff:10.22.244.87 - - [09/Nov/2022:16:45:23 +0000] "POST /api/logAce/2/401.00 HTTP/1.1" 200 77 "-" "ESP8266HTTPClient"
::ffff:10.22.244.87 - - [09/Nov/2022:16:45:33 +0000] "POST /api/logAce/2/597.00 HTTP/1.1" 200 77 "-" "ESP8266HTTPClient"
::ffff:10.22.244.87 - - [09/Nov/2022:16:45:43 +0000] "POST /api/logAce/2/545.00 HTTP/1.1" 200 77 "-" "ESP8266HTTPClient"
::ffff:10.22.246.185 - - [09/Nov/2022:16:45:50 +0000] "POST /api/logHumid/1/72.00 HTTP/1.1" 200 76 "-" "ESP8266HTTPClient"
::ffff:10.22.244.87 - - [09/Nov/2022:16:45:54 +0000] "POST /api/logAce/2/477.00 HTTP/1.1" 200 77 "-" "ESP8266HTTPClient"
::1 - - [09/Nov/2022:16:45:57 +0000] "GET /api/getLogsHumid/1 HTTP/1.1" 200 161 "-" "PostmanRuntime/7.29.2"
::ffff:10.22.246.185 - - [09/Nov/2022:16:46:00 +0000] "POST /api/logHumid/1/71.00 HTTP/1.1" 200 76 "-" "ESP8266HTTPClient"
::ffff:10.22.244.87 - - [09/Nov/2022:16:46:04 +0000] "POST /api/logAce/2/480.00 HTTP/1.1" 200 77 "-" "ESP8266HTTPClient"
::1 - - [09/Nov/2022:16:46:10 +0000] "GET /api/getLogsAce/2 HTTP/1.1" 200 1139 "-" "PostmanRuntime/7.29.2"
::ffff:10.22.246.185 - - [09/Nov/2022:16:46:10 +0000] "POST /api/logHumid/1/71.00 HTTP/1.1" 200 76 "-" "ESP8266HTTPClient"
::ffff:10.22.244.87 - - [09/Nov/2022:16:46:14 +0000] "POST /api/logAce/2/462.00 HTTP/1.1" 200 77 "-" "ESP8266HTTPClient"
::ffff:10.22.246.185 - - [09/Nov/2022:16:46:21 +0000] "POST /api/logHumid/1/71.00 HTTP/1.1" 200 76 "-" "ESP8266HTTPClient"
::ffff:10.22.244.87 - - [09/Nov/2022:16:46:24 +0000] "POST /api/logAce/2/473.00 HTTP/1.1" 200 77 "-" "ESP8266HTTPClient"
::ffff:10.22.246.185 - - [09/Nov/2022:16:46:31 +0000] "POST /api/logHumid/1/71.00 HTTP/1.1" 200 76 "-" "ESP8266HTTPClient"
::ffff:10.22.244.87 - - [09/Nov/2022:16:46:34 +0000] "POST /api/logAce/2/497.00 HTTP/1.1" 200 77 "-" "ESP8266HTTPClient"
::ffff:10.22.246.185 - - [09/Nov/2022:16:46:41 +0000] "POST /api/logHumid/1/70.00 HTTP/1.1" 200 76 "-" "ESP8266HTTPClient"
::ffff:10.22.244.87 - - [09/Nov/2022:16:46:45 +0000] "POST /api/logAce/2/498.00 HTTP/1.1" 200 77 "-" "ESP8266HTTPClient"
::ffff:10.22.246.185 - - [09/Nov/2022:16:46:51 +0000] "POST /api/logHumid/1/70.00 HTTP/1.1" 200 76 "-" "ESP8266HTTPClient"
::ffff:10.22.244.87 - - [09/Nov/2022:16:46:55 +0000] "POST /api/logAce/2/497.00 HTTP/1.1" 200 77 "-" "ESP8266HTTPClient"
::ffff:10.22.246.185 - - [09/Nov/2022:16:47:01 +0000] "POST /api/logHumid/1/70.00 HTTP/1.1" 200 76 "-" "ESP8266HTTPClient"
::ffff:10.22.244.87 - - [09/Nov/2022:16:47:05 +0000] "POST /api/logAce/2/498.00 HTTP/1.1" 200 77 "-" "ESP8266HTTPClient"
::ffff:10.22.246.185 - - [09/Nov/2022:16:47:11 +0000] "POST /api/logHumid/1/70.00 HTTP/1.1" 200 76 "-" "ESP8266HTTPClient"
::ffff:10.22.244.87 - - [09/Nov/2022:16:47:15 +0000] "POST /api/logAce/2/496.00 HTTP/1.1" 200 77 "-" "ESP8266HTTPClient"
::ffff:10.22.246.185 - - [09/Nov/2022:16:47:21 +0000] "POST /api/logHumid/1/70.00 HTTP/1.1" 200 76 "-" "ESP8266HTTPClient"
::ffff:10.22.244.87 - - [09/Nov/2022:16:47:25 +0000] "POST /api/logAce/2/498.00 HTTP/1.1" 200 77 "-" "ESP8266HTTPClient"
::ffff:10.22.246.185 - - [09/Nov/2022:16:47:31 +0000] "POST /api/logHumid/1/70.00 HTTP/1.1" 200 76 "-" "ESP8266HTTPClient"
::ffff:10.22.246.157 - - [09/Nov/2022:16:47:34 +0000] "POST /api/logFire/5/0 HTTP/1.1" 200 69 "-" "ESP8266HTTPClient"
::ffff:10.22.244.87 - - [09/Nov/2022:16:47:35 +0000] "POST /api/logAce/2/496.00 HTTP/1.1" 200 77 "-" "ESP8266HTTPClient"
::ffff:10.22.246.185 - - [09/Nov/2022:16:47:41 +0000] "POST /api/logHumid/1/70.00 HTTP/1.1" 200 76 "-" "ESP8266HTTPClient"
::ffff:10.22.246.157 - - [09/Nov/2022:16:47:42 +0000] "POST /api/logFire/5/1 HTTP/1.1" 200 69 "-" "ESP8266HTTPClient"
::ffff:10.22.244.87 - - [09/Nov/2022:16:47:46 +0000] "POST /api/logAce/2/498.00 HTTP/1.1" 200 77 "-" "ESP8266HTTPClient"
::ffff:10.22.246.185 - - [09/Nov/2022:16:47:51 +0000] "POST /api/logHumid/1/70.00 HTTP/1.1" 200 76 "-" "ESP8266HTTPClient"
::ffff:10.22.246.157 - - [09/Nov/2022:16:47:52 +0000] "POST /api/logFire/5/1 HTTP/1.1" 200 69 "-" "ESP8266HTTPClient"
::ffff:10.22.244.87 - - [09/Nov/2022:16:47:56 +0000] "POST /api/logAce/2/498.00 HTTP/1.1" 200 77 "-" "ESP8266HTTPClient"
::1 - - [09/Nov/2022:16:48:00 +0000] "GET /api/getLogsFire/5 HTTP/1.1" 200 382 "-" "PostmanRuntime/7.29.2"
::ffff:10.22.246.185 - - [09/Nov/2022:16:48:02 +0000] "POST /api/logHumid/1/70.00 HTTP/1.1" 200 76 "-" "ESP8266HTTPClient"
::ffff:10.22.246.157 - - [09/Nov/2022:16:48:02 +0000] "POST /api/logFire/5/1 HTTP/1.1" 200 69 "-" "ESP8266HTTPClient"
::ffff:10.22.244.87 - - [09/Nov/2022:16:48:06 +0000] "POST /api/logAce/2/497.00 HTTP/1.1" 200 77 "-" "ESP8266HTTPClient"
::ffff:10.22.246.185 - - [09/Nov/2022:16:48:12 +0000] "POST /api/logHumid/1/70.00 HTTP/1.1" 200 76 "-" "ESP8266HTTPClient"
::ffff:10.22.246.157 - - [09/Nov/2022:16:48:13 +0000] "POST /api/logFire/5/1 HTTP/1.1" 200 69 "-" "ESP8266HTTPClient"
::ffff:10.22.244.87 - - [09/Nov/2022:16:48:16 +0000] "POST /api/logAce/2/497.00 HTTP/1.1" 200 77 "-" "ESP8266HTTPClient"
::ffff:10.22.246.185 - - [09/Nov/2022:16:48:22 +0000] "POST /api/logHumid/1/70.00 HTTP/1.1" 200 76 "-" "ESP8266HTTPClient"
::ffff:10.22.246.157 - - [09/Nov/2022:16:48:23 +0000] "POST /api/logFire/5/1 HTTP/1.1" 200 69 "-" "ESP8266HTTPClient"
::ffff:10.22.244.87 - - [09/Nov/2022:16:48:26 +0000] "POST /api/logAce/2/498.00 HTTP/1.1" 200 77 "-" "ESP8266HTTPClient"
::ffff:10.22.246.185 - - [09/Nov/2022:16:48:32 +0000] "POST /api/logHumid/1/70.00 HTTP/1.1" 200 76 "-" "ESP8266HTTPClient"
::ffff:10.22.246.157 - - [09/Nov/2022:16:48:33 +0000] "POST /api/logFire/5/0 HTTP/1.1" 200 69 "-" "ESP8266HTTPClient"
::ffff:10.22.244.87 - - [09/Nov/2022:16:48:36 +0000] "POST /api/logAce/2/497.00 HTTP/1.1" 200 77 "-" "ESP8266HTTPClient"
::ffff:10.22.246.185 - - [09/Nov/2022:16:48:42 +0000] "POST /api/logHumid/1/70.00 HTTP/1.1" 200 76 "-" "ESP8266HTTPClient"
::ffff:10.22.246.157 - - [09/Nov/2022:16:48:43 +0000] "POST /api/logFire/5/1 HTTP/1.1" 200 69 "-" "ESP8266HTTPClient"
::ffff:10.22.244.87 - - [09/Nov/2022:16:48:47 +0000] "POST /api/logAce/2/498.00 HTTP/1.1" 200 77 "-" "ESP8266HTTPClient"
::ffff:10.22.246.185 - - [09/Nov/2022:16:48:52 +0000] "POST /api/logHumid/1/70.00 HTTP/1.1" 200 76 "-" "ESP8266HTTPClient"
::ffff:10.22.246.157 - - [09/Nov/2022:16:48:53 +0000] "POST /api/logFire/5/0 HTTP/1.1" 200 69 "-" "ESP8266HTTPClient"
::ffff:10.22.244.87 - - [09/Nov/2022:16:48:57 +0000] "POST /api/logAce/2/497.00 HTTP/1.1" 200 77 "-" "ESP8266HTTPClient"
::ffff:10.22.246.156 - - [09/Nov/2022:16:48:58 +0000] "POST /api/logGas/3/432 HTTP/1.1" 200 69 "-" "ESP8266HTTPClient"
::1 - - [09/Nov/2022:16:49:02 +0000] "GET /api/getLogsHumid/1 HTTP/1.1" 200 1540 "-" "PostmanRuntime/7.29.2"
::ffff:10.22.246.185 - - [09/Nov/2022:16:49:02 +0000] "POST /api/logHumid/1/69.00 HTTP/1.1" 200 76 "-" "ESP8266HTTPClient"
::ffff:10.22.246.157 - - [09/Nov/2022:16:49:03 +0000] "POST /api/logFire/5/0 HTTP/1.1" 200 69 "-" "ESP8266HTTPClient"
::1 - - [09/Nov/2022:16:49:06 +0000] "GET /api/getLogsAce/2 HTTP/1.1" 200 2431 "-" "PostmanRuntime/7.29.2"
::ffff:10.22.244.87 - - [09/Nov/2022:16:49:07 +0000] "POST /api/logAce/2/497.00 HTTP/1.1" 200 77 "-" "ESP8266HTTPClient"
::1 - - [09/Nov/2022:16:49:10 +0000] "GET /api/getLogGas/3 HTTP/1.1" 200 158 "-" "PostmanRuntime/7.29.2"
::ffff:10.22.246.185 - - [09/Nov/2022:16:49:12 +0000] "POST /api/logHumid/1/69.00 HTTP/1.1" 200 76 "-" "ESP8266HTTPClient"
::ffff:10.22.246.157 - - [09/Nov/2022:16:49:13 +0000] "POST /api/logFire/5/0 HTTP/1.1" 200 69 "-" "ESP8266HTTPClient"
::1 - - [09/Nov/2022:16:49:14 +0000] "GET /api/getLogsTouch/4 HTTP/1.1" 200 85 "-" "PostmanRuntime/7.29.2"
::ffff:10.22.244.87 - - [09/Nov/2022:16:49:17 +0000] "POST /api/logAce/2/496.00 HTTP/1.1" 200 77 "-" "ESP8266HTTPClient"
::ffff:10.22.246.185 - - [09/Nov/2022:16:49:22 +0000] "POST /api/logHumid/1/69.00 HTTP/1.1" 200 76 "-" "ESP8266HTTPClient"
::1 - - [09/Nov/2022:16:49:23 +0000] "GET /api/getLogsTouch/4 HTTP/1.1" 200 85 "-" "PostmanRuntime/7.29.2"
::ffff:10.22.246.157 - - [09/Nov/2022:16:49:23 +0000] "POST /api/logFire/5/0 HTTP/1.1" 200 69 "-" "ESP8266HTTPClient"
::1 - - [09/Nov/2022:16:49:25 +0000] "GET /api/getLogsTouch/4 HTTP/1.1" 200 85 "-" "PostmanRuntime/7.29.2"
::ffff:10.22.244.87 - - [09/Nov/2022:16:49:27 +0000] "POST /api/logAce/2/498.00 HTTP/1.1" 200 77 "-" "ESP8266HTTPClient"
::1 - - [09/Nov/2022:16:49:28 +0000] "GET /api/getLogsTouch/4 HTTP/1.1" 200 85 "-" "PostmanRuntime/7.29.2"
::ffff:10.22.246.157 - - [09/Nov/2022:16:49:33 +0000] "POST /api/logFire/5/0 HTTP/1.1" 200 69 "-" "ESP8266HTTPClient"
::ffff:10.22.246.185 - - [09/Nov/2022:16:49:35 +0000] "POST /api/logHumid/1/69.00 HTTP/1.1" 200 76 "-" "ESP8266HTTPClient"
::ffff:10.22.244.87 - - [09/Nov/2022:16:49:37 +0000] "POST /api/logAce/2/498.00 HTTP/1.1" 200 77 "-" "ESP8266HTTPClient"
::ffff:10.22.246.157 - - [09/Nov/2022:16:49:43 +0000] "POST /api/logFire/5/0 HTTP/1.1" 200 69 "-" "ESP8266HTTPClient"
::ffff:10.22.246.185 - - [09/Nov/2022:16:49:45 +0000] "POST /api/logHumid/1/69.00 HTTP/1.1" 200 76 "-" "ESP8266HTTPClient"
::ffff:10.22.244.87 - - [09/Nov/2022:16:49:48 +0000] "POST /api/logAce/2/498.00 HTTP/1.1" 200 77 "-" "ESP8266HTTPClient"
::1 - - [09/Nov/2022:16:49:48 +0000] "GET /api/getLogsTouch/4 HTTP/1.1" 200 85 "-" "PostmanRuntime/7.29.2"
::ffff:10.22.246.156 - - [09/Nov/2022:16:49:48 +0000] "POST /api/logGas/3/428 HTTP/1.1" 200 69 "-" "ESP8266HTTPClient"
::ffff:10.22.246.157 - - [09/Nov/2022:16:49:53 +0000] "POST /api/logFire/5/0 HTTP/1.1" 200 69 "-" "ESP8266HTTPClient"
::ffff:10.22.246.185 - - [09/Nov/2022:16:49:55 +0000] "POST /api/logHumid/1/69.00 HTTP/1.1" 200 76 "-" "ESP8266HTTPClient"
::ffff:10.22.244.87 - - [09/Nov/2022:16:49:58 +0000] "POST /api/logAce/2/497.00 HTTP/1.1" 200 77 "-" "ESP8266HTTPClient"
::1 - - [09/Nov/2022:16:50:00 +0000] "GET /api/getLogsFire/5 HTTP/1.1" 200 1278 "-" "PostmanRuntime/7.29.2"
::ffff:10.22.246.157 - - [09/Nov/2022:16:50:03 +0000] "POST /api/logFire/5/0 HTTP/1.1" 200 69 "-" "ESP8266HTTPClient"
::ffff:10.22.246.185 - - [09/Nov/2022:16:50:05 +0000] "POST /api/logHumid/1/69.00 HTTP/1.1" 200 76 "-" "ESP8266HTTPClient"
::ffff:10.22.244.87 - - [09/Nov/2022:16:50:08 +0000] "POST /api/logAce/2/498.00 HTTP/1.1" 200 77 "-" "ESP8266HTTPClient"
::ffff:10.22.246.157 - - [09/Nov/2022:16:50:13 +0000] "POST /api/logFire/5/0 HTTP/1.1" 200 69 "-" "ESP8266HTTPClient"
::ffff:10.22.246.185 - - [09/Nov/2022:16:50:15 +0000] "POST /api/logHumid/1/69.00 HTTP/1.1" 200 76 "-" "ESP8266HTTPClient"
::ffff:10.22.244.87 - - [09/Nov/2022:16:50:18 +0000] "POST /api/logAce/2/499.00 HTTP/1.1" 200 77 "-" "ESP8266HTTPClient"
::ffff:10.22.246.185 - - [09/Nov/2022:16:50:25 +0000] "POST /api/logHumid/1/69.00 HTTP/1.1" 200 76 "-" "ESP8266HTTPClient"
::ffff:10.22.244.87 - - [09/Nov/2022:16:50:28 +0000] "POST /api/logAce/2/498.00 HTTP/1.1" 200 77 "-" "ESP8266HTTPClient"
::ffff:10.22.246.185 - - [09/Nov/2022:16:50:35 +0000] "POST /api/logHumid/1/69.00 HTTP/1.1" 200 76 "-" "ESP8266HTTPClient"
::ffff:10.22.244.87 - - [09/Nov/2022:16:50:38 +0000] "POST /api/logAce/2/498.00 HTTP/1.1" 200 77 "-" "ESP8266HTTPClient"
::ffff:10.22.246.156 - - [09/Nov/2022:16:50:39 +0000] "POST /api/logGas/3/430 HTTP/1.1" 200 69 "-" "ESP8266HTTPClient"
::ffff:10.22.246.185 - - [09/Nov/2022:16:50:45 +0000] "POST /api/logHumid/1/69.00 HTTP/1.1" 200 76 "-" "ESP8266HTTPClient"
::ffff:10.22.244.87 - - [09/Nov/2022:16:50:48 +0000] "POST /api/logAce/2/497.00 HTTP/1.1" 200 77 "-" "ESP8266HTTPClient"
::ffff:10.22.246.185 - - [09/Nov/2022:16:50:56 +0000] "POST /api/logHumid/1/69.00 HTTP/1.1" 200 76 "-" "ESP8266HTTPClient"
::ffff:10.22.244.87 - - [09/Nov/2022:16:50:59 +0000] "POST /api/logAce/2/498.00 HTTP/1.1" 200 77 "-" "ESP8266HTTPClient"
::ffff:10.22.246.185 - - [09/Nov/2022:16:51:06 +0000] "POST /api/logHumid/1/69.00 HTTP/1.1" 200 76 "-" "ESP8266HTTPClient"
::ffff:10.22.244.87 - - [09/Nov/2022:16:51:12 +0000] "POST /api/logAce/2/498.00 HTTP/1.1" 200 77 "-" "ESP8266HTTPClient"
::ffff:10.22.246.185 - - [09/Nov/2022:16:51:16 +0000] "POST /api/logHumid/1/69.00 HTTP/1.1" 200 76 "-" "ESP8266HTTPClient"
::1 - - [09/Nov/2022:16:51:18 +0000] "GET /api/getLogsTouch/4 HTTP/1.1" 200 85 "-" "PostmanRuntime/7.29.2"
::ffff:10.22.244.87 - - [09/Nov/2022:16:51:22 +0000] "POST /api/logAce/2/497.00 HTTP/1.1" 200 77 "-" "ESP8266HTTPClient"
::ffff:127.0.0.1 - - [12/Nov/2022:16:03:50 +0000] "GET / HTTP/1.1" 200 12 "-" "Mozilla/5.0 (Windows NT 10.0; Win64; x64; rv:105.0) Gecko/20100101 Firefox/105.0"
::ffff:127.0.0.1 - - [12/Nov/2022:16:03:50 +0000] "GET /favicon.ico HTTP/1.1" 404 150 "http://localhost:3100/" "Mozilla/5.0 (Windows NT 10.0; Win64; x64; rv:105.0) Gecko/20100101 Firefox/105.0"
::ffff:127.0.0.1 - - [12/Nov/2022:16:06:35 +0000] "GET / HTTP/1.1" 200 - "-" "Mozilla/5.0 (Windows NT 10.0; Win64; x64; rv:105.0) Gecko/20100101 Firefox/105.0"
::ffff:127.0.0.1 - - [12/Nov/2022:16:08:12 +0000] "GET / HTTP/1.1" 200 - "-" "Mozilla/5.0 (Windows NT 10.0; Win64; x64; rv:105.0) Gecko/20100101 Firefox/105.0"
::ffff:127.0.0.1 - - [12/Nov/2022:16:09:06 +0000] "GET / HTTP/1.1" 200 22 "-" "Mozilla/5.0 (Windows NT 10.0; Win64; x64; rv:105.0) Gecko/20100101 Firefox/105.0"
::ffff:127.0.0.1 - - [12/Nov/2022:16:18:05 +0000] "GET / HTTP/1.1" 500 1186 "-" "Mozilla/5.0 (Windows NT 10.0; Win64; x64; rv:105.0) Gecko/20100101 Firefox/105.0"
::ffff:127.0.0.1 - - [12/Nov/2022:16:18:06 +0000] "GET / HTTP/1.1" 500 1186 "-" "Mozilla/5.0 (Windows NT 10.0; Win64; x64; rv:105.0) Gecko/20100101 Firefox/105.0"
::ffff:127.0.0.1 - - [12/Nov/2022:16:19:25 +0000] "GET / HTTP/1.1" - - "-" "Mozilla/5.0 (Windows NT 10.0; Win64; x64; rv:105.0) Gecko/20100101 Firefox/105.0"
::ffff:127.0.0.1 - - [12/Nov/2022:16:21:16 +0000] "GET / HTTP/1.1" - - "-" "Mozilla/5.0 (Windows NT 10.0; Win64; x64; rv:105.0) Gecko/20100101 Firefox/105.0"
::ffff:127.0.0.1 - - [12/Nov/2022:16:22:50 +0000] "GET / HTTP/1.1" 200 29 "-" "Mozilla/5.0 (Windows NT 10.0; Win64; x64; rv:105.0) Gecko/20100101 Firefox/105.0"
::ffff:127.0.0.1 - - [12/Nov/2022:16:22:50 +0000] "GET /favicon.ico HTTP/1.1" 404 150 "http://localhost:3100/" "Mozilla/5.0 (Windows NT 10.0; Win64; x64; rv:105.0) Gecko/20100101 Firefox/105.0"
::ffff:127.0.0.1 - - [12/Nov/2022:16:24:30 +0000] "GET / HTTP/1.1" 404 224 "-" "Mozilla/5.0 (Windows NT 10.0; Win64; x64; rv:105.0) Gecko/20100101 Firefox/105.0"
::ffff:127.0.0.1 - - [12/Nov/2022:16:24:44 +0000] "GET / HTTP/1.1" 404 224 "-" "Mozilla/5.0 (Windows NT 10.0; Win64; x64; rv:105.0) Gecko/20100101 Firefox/105.0"
::ffff:127.0.0.1 - - [12/Nov/2022:16:24:56 +0000] "GET / HTTP/1.1" 404 224 "-" "Mozilla/5.0 (Windows NT 10.0; Win64; x64; rv:105.0) Gecko/20100101 Firefox/105.0"
::ffff:127.0.0.1 - - [12/Nov/2022:16:24:59 +0000] "GET / HTTP/1.1" 404 224 "-" "Mozilla/5.0 (Windows NT 10.0; Win64; x64; rv:105.0) Gecko/20100101 Firefox/105.0"
::ffff:127.0.0.1 - - [12/Nov/2022:16:25:30 +0000] "GET / HTTP/1.1" 404 224 "-" "Mozilla/5.0 (Windows NT 10.0; Win64; x64; rv:105.0) Gecko/20100101 Firefox/105.0"
::ffff:127.0.0.1 - - [12/Nov/2022:16:26:04 +0000] "GET / HTTP/1.1" 404 224 "-" "Mozilla/5.0 (Windows NT 10.0; Win64; x64; rv:105.0) Gecko/20100101 Firefox/105.0"
::ffff:127.0.0.1 - - [12/Nov/2022:16:26:30 +0000] "GET / HTTP/1.1" 200 13 "-" "Mozilla/5.0 (Windows NT 10.0; Win64; x64; rv:105.0) Gecko/20100101 Firefox/105.0"
::ffff:127.0.0.1 - - [12/Nov/2022:16:26:30 +0000] "GET /favicon.ico HTTP/1.1" 404 150 "http://localhost:3100/" "Mozilla/5.0 (Windows NT 10.0; Win64; x64; rv:105.0) Gecko/20100101 Firefox/105.0"
::ffff:127.0.0.1 - - [12/Nov/2022:16:28:13 +0000] "GET / HTTP/1.1" 200 261 "-" "Mozilla/5.0 (Windows NT 10.0; Win64; x64; rv:105.0) Gecko/20100101 Firefox/105.0"
::ffff:127.0.0.1 - - [12/Nov/2022:16:28:13 +0000] "GET /favicon.ico HTTP/1.1" 404 150 "http://localhost:3100/" "Mozilla/5.0 (Windows NT 10.0; Win64; x64; rv:105.0) Gecko/20100101 Firefox/105.0"
::ffff:127.0.0.1 - - [12/Nov/2022:16:28:23 +0000] "GET / HTTP/1.1" 200 252 "-" "Mozilla/5.0 (Windows NT 10.0; Win64; x64; rv:105.0) Gecko/20100101 Firefox/105.0"
::ffff:127.0.0.1 - - [12/Nov/2022:16:28:23 +0000] "GET /favicon.ico HTTP/1.1" 404 150 "http://localhost:3100/" "Mozilla/5.0 (Windows NT 10.0; Win64; x64; rv:105.0) Gecko/20100101 Firefox/105.0"
::ffff:127.0.0.1 - - [12/Nov/2022:16:29:27 +0000] "GET / HTTP/1.1" 200 297 "-" "Mozilla/5.0 (Windows NT 10.0; Win64; x64; rv:105.0) Gecko/20100101 Firefox/105.0"
::ffff:127.0.0.1 - - [12/Nov/2022:16:29:27 +0000] "GET /app.js HTTP/1.1" 404 145 "http://localhost:3100/" "Mozilla/5.0 (Windows NT 10.0; Win64; x64; rv:105.0) Gecko/20100101 Firefox/105.0"
::ffff:127.0.0.1 - - [12/Nov/2022:16:29:27 +0000] "GET /favicon.ico HTTP/1.1" 404 150 "http://localhost:3100/" "Mozilla/5.0 (Windows NT 10.0; Win64; x64; rv:105.0) Gecko/20100101 Firefox/105.0"
::ffff:127.0.0.1 - - [12/Nov/2022:16:29:31 +0000] "GET / HTTP/1.1" 200 301 "-" "Mozilla/5.0 (Windows NT 10.0; Win64; x64; rv:105.0) Gecko/20100101 Firefox/105.0"
::ffff:127.0.0.1 - - [12/Nov/2022:16:29:31 +0000] "GET /app.js HTTP/1.1" 404 145 "http://localhost:3100/" "Mozilla/5.0 (Windows NT 10.0; Win64; x64; rv:105.0) Gecko/20100101 Firefox/105.0"
::ffff:127.0.0.1 - - [12/Nov/2022:16:29:31 +0000] "GET /favicon.ico HTTP/1.1" 404 150 "http://localhost:3100/" "Mozilla/5.0 (Windows NT 10.0; Win64; x64; rv:105.0) Gecko/20100101 Firefox/105.0"
::ffff:127.0.0.1 - - [12/Nov/2022:16:29:36 +0000] "GET / HTTP/1.1" 200 299 "-" "Mozilla/5.0 (Windows NT 10.0; Win64; x64; rv:105.0) Gecko/20100101 Firefox/105.0"
::ffff:127.0.0.1 - - [12/Nov/2022:16:29:36 +0000] "GET /app.js HTTP/1.1" 404 145 "http://localhost:3100/" "Mozilla/5.0 (Windows NT 10.0; Win64; x64; rv:105.0) Gecko/20100101 Firefox/105.0"
::ffff:127.0.0.1 - - [12/Nov/2022:16:37:48 +0000] "GET /getLogsHumid HTTP/1.1" 404 151 "-" "Mozilla/5.0 (Windows NT 10.0; Win64; x64; rv:105.0) Gecko/20100101 Firefox/105.0"
::ffff:127.0.0.1 - - [12/Nov/2022:16:38:30 +0000] "GET /getLogsHumid/1 HTTP/1.1" 404 153 "-" "Mozilla/5.0 (Windows NT 10.0; Win64; x64; rv:105.0) Gecko/20100101 Firefox/105.0"
::ffff:127.0.0.1 - - [12/Nov/2022:16:39:12 +0000] "GET /getLogsHumid/1 HTTP/1.1" 404 153 "-" "Mozilla/5.0 (Windows NT 10.0; Win64; x64; rv:105.0) Gecko/20100101 Firefox/105.0"
::ffff:127.0.0.1 - - [12/Nov/2022:16:39:14 +0000] "GET /getLogsHumid/1 HTTP/1.1" 404 153 "-" "Mozilla/5.0 (Windows NT 10.0; Win64; x64; rv:105.0) Gecko/20100101 Firefox/105.0"
::ffff:127.0.0.1 - - [12/Nov/2022:16:39:22 +0000] "GET /getLogsHumid/1 HTTP/1.1" 404 153 "-" "Mozilla/5.0 (Windows NT 10.0; Win64; x64; rv:105.0) Gecko/20100101 Firefox/105.0"
::ffff:127.0.0.1 - - [12/Nov/2022:16:39:39 +0000] "GET /getLogsHumid/1 HTTP/1.1" 404 153 "-" "Mozilla/5.0 (Windows NT 10.0; Win64; x64; rv:105.0) Gecko/20100101 Firefox/105.0"
::ffff:127.0.0.1 - - [12/Nov/2022:16:39:50 +0000] "GET /logHumid/1/100 HTTP/1.1" 404 153 "-" "Mozilla/5.0 (Windows NT 10.0; Win64; x64; rv:105.0) Gecko/20100101 Firefox/105.0"
::ffff:127.0.0.1 - - [12/Nov/2022:16:40:16 +0000] "GET /logHumid/1/100 HTTP/1.1" 404 153 "-" "Mozilla/5.0 (Windows NT 10.0; Win64; x64; rv:105.0) Gecko/20100101 Firefox/105.0"
::ffff:127.0.0.1 - - [12/Nov/2022:16:41:51 +0000] "GET /logHumid/1/100 HTTP/1.1" 404 153 "-" "Mozilla/5.0 (Windows NT 10.0; Win64; x64; rv:105.0) Gecko/20100101 Firefox/105.0"
::1 - - [12/Nov/2022:16:42:15 +0000] "GET /api/getLogsHumid/1 HTTP/1.1" 200 85 "-" "PostmanRuntime/7.29.2"
::1 - - [12/Nov/2022:16:49:07 +0000] "GET /api/getLogsHumid/1 HTTP/1.1" 200 85 "-" "PostmanRuntime/7.29.2"
::ffff:127.0.0.1 - - [12/Nov/2022:17:19:58 +0000] "GET /logHumid/1/100 HTTP/1.1" 404 153 "-" "Mozilla/5.0 (Windows NT 10.0; Win64; x64; rv:105.0) Gecko/20100101 Firefox/105.0"
::ffff:127.0.0.1 - - [12/Nov/2022:17:21:14 +0000] "GET /logHumid/1/100 HTTP/1.1" 404 153 "-" "Mozilla/5.0 (Windows NT 10.0; Win64; x64; rv:105.0) Gecko/20100101 Firefox/105.0"
::ffff:127.0.0.1 - - [12/Nov/2022:17:21:15 +0000] "GET /logHumid/1/100 HTTP/1.1" 404 153 "-" "Mozilla/5.0 (Windows NT 10.0; Win64; x64; rv:105.0) Gecko/20100101 Firefox/105.0"
::ffff:127.0.0.1 - - [12/Nov/2022:17:21:21 +0000] "GET /getLogsHumid/1 HTTP/1.1" 404 153 "-" "Mozilla/5.0 (Windows NT 10.0; Win64; x64; rv:105.0) Gecko/20100101 Firefox/105.0"
::ffff:127.0.0.1 - - [12/Nov/2022:17:22:02 +0000] "GET /api/getLogsHumid/1 HTTP/1.1" 200 85 "-" "Mozilla/5.0 (Windows NT 10.0; Win64; x64; rv:105.0) Gecko/20100101 Firefox/105.0"
::ffff:127.0.0.1 - - [12/Nov/2022:17:23:13 +0000] "GET /getLogsHumid/1 HTTP/1.1" 200 85 "-" "Mozilla/5.0 (Windows NT 10.0; Win64; x64; rv:105.0) Gecko/20100101 Firefox/105.0"
::ffff:127.0.0.1 - - [12/Nov/2022:17:44:53 +0000] "GET /getLogsHumid/1 HTTP/1.1" 200 85 "-" "Mozilla/5.0 (Windows NT 10.0; Win64; x64; rv:105.0) Gecko/20100101 Firefox/105.0"
::ffff:127.0.0.1 - - [12/Nov/2022:17:45:08 +0000] "GET /favicon.ico HTTP/1.1" 404 150 "-" "Mozilla/5.0 (Windows NT 10.0; Win64; x64; rv:105.0) Gecko/20100101 Firefox/105.0"
::ffff:127.0.0.1 - - [12/Nov/2022:17:45:21 +0000] "GET /getLogsHumid/1 HTTP/1.1" 200 85 "-" "Mozilla/5.0 (Windows NT 10.0; Win64; x64; rv:105.0) Gecko/20100101 Firefox/105.0"
::ffff:127.0.0.1 - - [12/Nov/2022:17:45:28 +0000] "GET /getLogsHumid/1 HTTP/1.1" 304 - "-" "Mozilla/5.0 (Windows NT 10.0; Win64; x64; rv:105.0) Gecko/20100101 Firefox/105.0"
::ffff:127.0.0.1 - - [12/Nov/2022:17:45:40 +0000] "GET /getLogsHumid/1 HTTP/1.1" 304 - "-" "Mozilla/5.0 (Windows NT 10.0; Win64; x64; rv:105.0) Gecko/20100101 Firefox/105.0"
::ffff:127.0.0.1 - - [12/Nov/2022:17:46:14 +0000] "GET /getLogsHumid/1 HTTP/1.1" 304 - "-" "Mozilla/5.0 (Windows NT 10.0; Win64; x64; rv:105.0) Gecko/20100101 Firefox/105.0"
::ffff:127.0.0.1 - - [12/Nov/2022:17:46:29 +0000] "GET /getLogsHumid/1 HTTP/1.1" 304 - "-" "Mozilla/5.0 (Windows NT 10.0; Win64; x64; rv:105.0) Gecko/20100101 Firefox/105.0"
::ffff:127.0.0.1 - - [12/Nov/2022:17:46:35 +0000] "GET /getLogsHumid/1 HTTP/1.1" 304 - "-" "Mozilla/5.0 (Windows NT 10.0; Win64; x64; rv:105.0) Gecko/20100101 Firefox/105.0"
::1 - - [12/Nov/2022:17:49:44 +0000] "GET /getLogsHumid/1 HTTP/1.1" 200 85 "-" "PostmanRuntime/7.29.2"
::ffff:127.0.0.1 - - [12/Nov/2022:17:50:03 +0000] "GET /getLogsHumid/1 HTTP/1.1" 304 - "-" "Mozilla/5.0 (Windows NT 10.0; Win64; x64; rv:105.0) Gecko/20100101 Firefox/105.0"
::ffff:127.0.0.1 - - [12/Nov/2022:17:50:31 +0000] "GET /getLogsHumid/1 HTTP/1.1" 304 - "-" "Mozilla/5.0 (Windows NT 10.0; Win64; x64; rv:105.0) Gecko/20100101 Firefox/105.0"
::ffff:127.0.0.1 - - [12/Nov/2022:17:50:42 +0000] "GET /getLogsHumid/1 HTTP/1.1" 304 - "-" "Mozilla/5.0 (Windows NT 10.0; Win64; x64; rv:105.0) Gecko/20100101 Firefox/105.0"
::ffff:127.0.0.1 - - [12/Nov/2022:17:51:11 +0000] "GET /getLogsHumid/1 HTTP/1.1" - - "-" "Mozilla/5.0 (Windows NT 10.0; Win64; x64; rv:105.0) Gecko/20100101 Firefox/105.0"
::ffff:127.0.0.1 - - [12/Nov/2022:17:51:17 +0000] "GET /getLogsHumid/1 HTTP/1.1" 304 - "-" "Mozilla/5.0 (Windows NT 10.0; Win64; x64; rv:105.0) Gecko/20100101 Firefox/105.0"
::ffff:127.0.0.1 - - [12/Nov/2022:17:51:24 +0000] "GET /getLogsHumid/1 HTTP/1.1" 304 - "-" "Mozilla/5.0 (Windows NT 10.0; Win64; x64; rv:105.0) Gecko/20100101 Firefox/105.0"
::ffff:127.0.0.1 - - [12/Nov/2022:17:51:32 +0000] "GET /getLogsHumid/1 HTTP/1.1" 304 - "-" "Mozilla/5.0 (Windows NT 10.0; Win64; x64; rv:105.0) Gecko/20100101 Firefox/105.0"
::ffff:127.0.0.1 - - [12/Nov/2022:17:52:33 +0000] "GET /getLogsHumid/1 HTTP/1.1" 304 - "-" "Mozilla/5.0 (Windows NT 10.0; Win64; x64; rv:105.0) Gecko/20100101 Firefox/105.0"
::ffff:127.0.0.1 - - [12/Nov/2022:17:52:57 +0000] "GET /getLogsHumid/1 HTTP/1.1" 304 - "-" "Mozilla/5.0 (Windows NT 10.0; Win64; x64; rv:105.0) Gecko/20100101 Firefox/105.0"
::ffff:127.0.0.1 - - [12/Nov/2022:17:53:02 +0000] "GET /getLogsHumid/1 HTTP/1.1" 304 - "-" "Mozilla/5.0 (Windows NT 10.0; Win64; x64; rv:105.0) Gecko/20100101 Firefox/105.0"
::ffff:127.0.0.1 - - [12/Nov/2022:17:53:17 +0000] "GET /getLogsHumid/1 HTTP/1.1" 304 - "-" "Mozilla/5.0 (Windows NT 10.0; Win64; x64; rv:105.0) Gecko/20100101 Firefox/105.0"
::ffff:127.0.0.1 - - [12/Nov/2022:18:11:53 +0000] "GET / HTTP/1.1" 200 13 "-" "Mozilla/5.0 (Windows NT 10.0; Win64; x64; rv:105.0) Gecko/20100101 Firefox/105.0"
::ffff:127.0.0.1 - - [12/Nov/2022:18:12:15 +0000] "GET / HTTP/1.1" 200 1365 "-" "Mozilla/5.0 (Windows NT 10.0; Win64; x64; rv:105.0) Gecko/20100101 Firefox/105.0"
::ffff:127.0.0.1 - - [12/Nov/2022:18:12:15 +0000] "GET /app.js HTTP/1.1" 404 145 "http://localhost:3100/" "Mozilla/5.0 (Windows NT 10.0; Win64; x64; rv:105.0) Gecko/20100101 Firefox/105.0"
::ffff:127.0.0.1 - - [12/Nov/2022:18:12:16 +0000] "GET /app.js HTTP/1.1" 404 145 "http://localhost:3100/" "Mozilla/5.0 (Windows NT 10.0; Win64; x64; rv:105.0) Gecko/20100101 Firefox/105.0"
::ffff:127.0.0.1 - - [12/Nov/2022:18:14:07 +0000] "GET / HTTP/1.1" 200 1414 "-" "Mozilla/5.0 (Windows NT 10.0; Win64; x64; rv:105.0) Gecko/20100101 Firefox/105.0"
::ffff:127.0.0.1 - - [12/Nov/2022:18:14:07 +0000] "GET /app.js HTTP/1.1" 404 145 "http://localhost:3100/" "Mozilla/5.0 (Windows NT 10.0; Win64; x64; rv:105.0) Gecko/20100101 Firefox/105.0"
::ffff:127.0.0.1 - - [12/Nov/2022:18:14:07 +0000] "GET /app.js HTTP/1.1" 404 145 "http://localhost:3100/" "Mozilla/5.0 (Windows NT 10.0; Win64; x64; rv:105.0) Gecko/20100101 Firefox/105.0"
::ffff:127.0.0.1 - - [12/Nov/2022:18:16:27 +0000] "GET / HTTP/1.1" 200 899 "-" "Mozilla/5.0 (Windows NT 10.0; Win64; x64; rv:105.0) Gecko/20100101 Firefox/105.0"
::ffff:127.0.0.1 - - [12/Nov/2022:18:16:27 +0000] "GET /dataSensor.json/dataSensor.json HTTP/1.1" 404 170 "http://localhost:3100/" "Mozilla/5.0 (Windows NT 10.0; Win64; x64; rv:105.0) Gecko/20100101 Firefox/105.0"
::ffff:127.0.0.1 - - [12/Nov/2022:18:17:08 +0000] "GET / HTTP/1.1" 200 894 "-" "Mozilla/5.0 (Windows NT 10.0; Win64; x64; rv:105.0) Gecko/20100101 Firefox/105.0"
::ffff:127.0.0.1 - - [12/Nov/2022:18:17:08 +0000] "GET /dataSensor/dataSensor.json HTTP/1.1" 404 165 "http://localhost:3100/" "Mozilla/5.0 (Windows NT 10.0; Win64; x64; rv:105.0) Gecko/20100101 Firefox/105.0"
::ffff:127.0.0.1 - - [12/Nov/2022:18:18:12 +0000] "GET / HTTP/1.1" 200 879 "-" "Mozilla/5.0 (Windows NT 10.0; Win64; x64; rv:105.0) Gecko/20100101 Firefox/105.0"
::ffff:127.0.0.1 - - [12/Nov/2022:18:18:12 +0000] "GET /people.json HTTP/1.1" 404 150 "http://localhost:3100/" "Mozilla/5.0 (Windows NT 10.0; Win64; x64; rv:105.0) Gecko/20100101 Firefox/105.0"
::ffff:127.0.0.1 - - [12/Nov/2022:18:19:52 +0000] "GET / HTTP/1.1" 200 914 "-" "Mozilla/5.0 (Windows NT 10.0; Win64; x64; rv:105.0) Gecko/20100101 Firefox/105.0"
::ffff:127.0.0.1 - - [12/Nov/2022:18:19:57 +0000] "GET / HTTP/1.1" 200 914 "-" "Mozilla/5.0 (Windows NT 10.0; Win64; x64; rv:105.0) Gecko/20100101 Firefox/105.0"
::ffff:127.0.0.1 - - [12/Nov/2022:18:20:10 +0000] "GET / HTTP/1.1" 200 939 "-" "Mozilla/5.0 (Windows NT 10.0; Win64; x64; rv:105.0) Gecko/20100101 Firefox/105.0"
::ffff:127.0.0.1 - - [12/Nov/2022:18:21:12 +0000] "GET / HTTP/1.1" 304 - "-" "Mozilla/5.0 (Windows NT 10.0; Win64; x64; rv:105.0) Gecko/20100101 Firefox/105.0"
::ffff:127.0.0.1 - - [12/Nov/2022:18:21:16 +0000] "GET / HTTP/1.1" 304 - "-" "Mozilla/5.0 (Windows NT 10.0; Win64; x64; rv:105.0) Gecko/20100101 Firefox/105.0"
::ffff:127.0.0.1 - - [12/Nov/2022:18:21:58 +0000] "GET / HTTP/1.1" 304 - "-" "Mozilla/5.0 (Windows NT 10.0; Win64; x64; rv:105.0) Gecko/20100101 Firefox/105.0"
::ffff:127.0.0.1 - - [12/Nov/2022:18:22:44 +0000] "GET / HTTP/1.1" 200 354 "-" "Mozilla/5.0 (Windows NT 10.0; Win64; x64; rv:105.0) Gecko/20100101 Firefox/105.0"
::ffff:127.0.0.1 - - [12/Nov/2022:18:25:15 +0000] "GET / HTTP/1.1" 200 638 "-" "Mozilla/5.0 (Windows NT 10.0; Win64; x64; rv:105.0) Gecko/20100101 Firefox/105.0"
::ffff:127.0.0.1 - - [12/Nov/2022:18:25:16 +0000] "GET /favicon.ico HTTP/1.1" 404 150 "http://localhost:3100/" "Mozilla/5.0 (Windows NT 10.0; Win64; x64; rv:105.0) Gecko/20100101 Firefox/105.0"
::ffff:127.0.0.1 - - [12/Nov/2022:18:26:53 +0000] "GET / HTTP/1.1" 200 609 "-" "Mozilla/5.0 (Windows NT 10.0; Win64; x64; rv:105.0) Gecko/20100101 Firefox/105.0"
::ffff:127.0.0.1 - - [12/Nov/2022:18:27:58 +0000] "GET / HTTP/1.1" 200 611 "-" "Mozilla/5.0 (Windows NT 10.0; Win64; x64; rv:105.0) Gecko/20100101 Firefox/105.0"
::ffff:127.0.0.1 - - [12/Nov/2022:18:29:42 +0000] "GET / HTTP/1.1" 200 595 "-" "Mozilla/5.0 (Windows NT 10.0; Win64; x64; rv:105.0) Gecko/20100101 Firefox/105.0"
::ffff:127.0.0.1 - - [12/Nov/2022:18:30:05 +0000] "GET / HTTP/1.1" 200 595 "-" "Mozilla/5.0 (Windows NT 10.0; Win64; x64; rv:105.0) Gecko/20100101 Firefox/105.0"
::ffff:127.0.0.1 - - [12/Nov/2022:18:32:25 +0000] "GET / HTTP/1.1" 200 581 "-" "Mozilla/5.0 (Windows NT 10.0; Win64; x64; rv:105.0) Gecko/20100101 Firefox/105.0"
::ffff:127.0.0.1 - - [12/Nov/2022:18:32:51 +0000] "GET / HTTP/1.1" 200 581 "-" "Mozilla/5.0 (Windows NT 10.0; Win64; x64; rv:105.0) Gecko/20100101 Firefox/105.0"
::ffff:127.0.0.1 - - [12/Nov/2022:18:33:21 +0000] "GET / HTTP/1.1" 200 634 "-" "Mozilla/5.0 (Windows NT 10.0; Win64; x64; rv:105.0) Gecko/20100101 Firefox/105.0"
::ffff:127.0.0.1 - - [12/Nov/2022:18:33:21 +0000] "GET /main.js HTTP/1.1" 404 146 "http://localhost:3100/" "Mozilla/5.0 (Windows NT 10.0; Win64; x64; rv:105.0) Gecko/20100101 Firefox/105.0"
::ffff:127.0.0.1 - - [12/Nov/2022:18:37:48 +0000] "GET / HTTP/1.1" 200 643 "-" "Mozilla/5.0 (Windows NT 10.0; Win64; x64; rv:105.0) Gecko/20100101 Firefox/105.0"
::ffff:127.0.0.1 - - [12/Nov/2022:18:37:53 +0000] "GET / HTTP/1.1" 200 634 "-" "Mozilla/5.0 (Windows NT 10.0; Win64; x64; rv:105.0) Gecko/20100101 Firefox/105.0"
::ffff:127.0.0.1 - - [12/Nov/2022:18:37:53 +0000] "GET /main.js HTTP/1.1" 404 146 "http://localhost:3100/" "Mozilla/5.0 (Windows NT 10.0; Win64; x64; rv:105.0) Gecko/20100101 Firefox/105.0"
::ffff:127.0.0.1 - - [12/Nov/2022:18:37:58 +0000] "GET / HTTP/1.1" 200 643 "-" "Mozilla/5.0 (Windows NT 10.0; Win64; x64; rv:105.0) Gecko/20100101 Firefox/105.0"
::ffff:127.0.0.1 - - [12/Nov/2022:18:38:09 +0000] "GET / HTTP/1.1" 200 657 "-" "Mozilla/5.0 (Windows NT 10.0; Win64; x64; rv:105.0) Gecko/20100101 Firefox/105.0"
::ffff:127.0.0.1 - - [12/Nov/2022:18:38:09 +0000] "GET /visualize/main.js HTTP/1.1" 404 156 "http://localhost:3100/" "Mozilla/5.0 (Windows NT 10.0; Win64; x64; rv:105.0) Gecko/20100101 Firefox/105.0"
::ffff:127.0.0.1 - - [12/Nov/2022:18:39:10 +0000] "GET / HTTP/1.1" 200 631 "-" "Mozilla/5.0 (Windows NT 10.0; Win64; x64; rv:105.0) Gecko/20100101 Firefox/105.0"
